// Jest Snapshot v1, https://goo.gl/fbAQLP

exports[`<CartItem /> renders data if provided 1`] = `
<div
  className="cartItem row mb-xl"
>
  <div
    className="small-3 column npl"
  >
    <img
      alt="Volcano Vaporizer with Solid Valve"
      className="cartItem__img"
      src="https://cdn.shopify.com/s/files/1/1917/4769/products/Volc_-_orig.png?v=1492277039"
    />
  </div>
  <div
    className="small-9 column"
  >
    <div
      className="cartItem__title mb-mn"
    >
      Volcano Vaporizer with Solid Valve
    </div>
    <div
      className="row align-middle mb-md fs-tn"
    >
      <div
        className="cartItem__quantityLabel shrink column"
      >
        QTY
      </div>
      <button
        className="cartItem__quantityChange shrink column"
        onClick={[Function]}
      >
        <span>
          -
        </span>
      </button>
      <div
        className="cartItem__quantityValue shrink column"
      >
        1
      </div>
      <button
        className="cartItem__quantityChange shrink column"
        onClick={[Function]}
      >
        <span>
          +
        </span>
      </button>
    </div>
    <div
      className="cartItem__price"
    >
      $
      624.95
    </div>
  </div>
</div>
`;
