// Jest Snapshot v1, https://goo.gl/fbAQLP

exports[`<BusinessCard /> renders data if provided 1`] = `
<div
  className="businessCard"
>
  <a
    className="businessCard__link"
    href="/producers/tweed"
    onClick={[Function]}
  >
    <div
      aria-haspopup={true}
      className="businessCard__image"
      onBlur={[Function]}
      onClick={[Function]}
      onFocus={[Function]}
      onMouseOut={[Function]}
      onMouseOver={[Function]}
      style={
        Object {
          "backgroundImage": "url('https://images.lift.co/resize/78x78/https://lift.co/uploads/v6AIjoUMF7ozJw4UWzgF.png')",
        }
      }
    />
    <h4
      className="businessCard__title"
    >
      <div
        clamp={2}
      >
        Tweed
      </div>
    </h4>
  </a>
  <div
    className="reviewCount row align-middle align-center mb-mn"
  >
    <div
      className="reviewCount__starSection column small-12 medium-shrink"
    >
      <div
        className="reviewCount__starsContainer row align-middle"
      >
        <div
          className="shrink column"
        >
          <div
            className="starRating reviewCount__star"
          >
            <div
              emptySymbol={
                <Icon
                  glyph="IMAGE_MOCK"
                  size={16}
                />
              }
              fractions={2}
              fullSymbol={
                <Icon
                  glyph="IMAGE_MOCK"
                  size={16}
                />
              }
              initialRating={4}
              readonly={true}
            />
          </div>
        </div>
      </div>
    </div>
    <div
      className="reviewCount__countSection column small-12 medium-shrink"
    >
      <strong>
        (
        4
        )   
      </strong>
      <a
        className=""
        href="/producers/tweed/reviews"
        onClick={[Function]}
      >
        2
         
        
        reviews
      </a>
    </div>
  </div>
  <div
    className="row"
  >
    <div
      className="column text-center mt-md"
    >
      <a
        className="button spacious secondary"
        onClick={[Function]}
      >
        <div
          className="row align-middle align-center"
        >
          <div
            className="shrink column"
          >
            View
          </div>
        </div>
      </a>
    </div>
  </div>
</div>
`;
