// Jest Snapshot v1, https://goo.gl/fbAQLP

exports[`<BusinessInfo /> renders data if provided 1`] = `
<div
  className="businessInfo mb-xl"
>
  <div
    className="row"
  >
    <div
      className="columns medium-shrink text-center"
    >
      <div
        className="label purple"
      >
        producer
      </div>
    </div>
  </div>
  <div
    className="businessInfo__infoSection mt-md row"
  >
    <div
      className="column small-12 medium-shrink text-center"
    >
      <div
        className="businessInfo__image"
        style={
          Object {
            "backgroundImage": "url('https://images.lift.co/resize/260x260/https://lift.co/uploads/v6AIjoUMF7ozJw4UWzgF.png')",
          }
        }
      />
    </div>
    <div
      className="column small-12 medium-expand"
    >
      <div
        className="row mb-sm"
      >
        <div
          className="column businessInfo__profileSection"
        >
          <div
            className="row businessInfo__tags"
          />
          <h1
            className="c-darkest-gray t-capitalize"
          >
            Tweed
          </h1>
          <div
            className="row align-middle"
          >
            <div
              className="columns small-12 medium-shrink mb-sm mr-lg"
            >
              <div
                className="reviewCount row align-middle businessInfo__rating"
              >
                <div
                  className="reviewCount__starSection column small-12 medium-shrink"
                >
                  <div
                    className="reviewCount__starsContainer row align-middle align-center"
                  >
                    <div
                      className="shrink column npr"
                    >
                      <svg
                        className="reviewCount__icon"
                        height={20}
                        width={20}
                      >
                        <use
                          xlinkHref="#undefined"
                        />
                      </svg>
                    </div>
                    <div
                      className="shrink column"
                    >
                      <div
                        className="starRating reviewCount__star"
                      >
                        <div
                          emptySymbol={
                            <Icon
                              glyph="IMAGE_MOCK"
                              size={16}
                            />
                          }
                          fractions={2}
                          fullSymbol={
                            <Icon
                              glyph="IMAGE_MOCK"
                              size={16}
                            />
                          }
                          initialRating={NaN}
                          readonly={true}
                        />
                      </div>
                    </div>
                  </div>
                </div>
                <div
                  className="reviewCount__countSection column small-12 medium-shrink"
                >
                  <strong>
                    (0)   
                  </strong>
                  <a
                    className=""
                    href="/producers/tweed/product-reviews"
                    onClick={[Function]}
                  >
                    0
                     
                    product 
                    reviews
                  </a>
                </div>
              </div>
            </div>
            <div
              className="columns small-12 medium-shrink mb-sm"
            >
              <div
                className="reviewCount row align-middle businessInfo__rating"
              >
                <div
                  className="reviewCount__starSection column small-12 medium-shrink"
                >
                  <div
                    className="reviewCount__starsContainer row align-middle align-center"
                  >
                    <div
                      className="shrink column npr"
                    >
                      <svg
                        className="reviewCount__icon"
                        height={20}
                        width={20}
                      >
                        <use
                          xlinkHref="#undefined"
                        />
                      </svg>
                    </div>
                    <div
                      className="shrink column"
                    >
                      <div
                        className="starRating reviewCount__star"
                      >
                        <div
                          emptySymbol={
                            <Icon
                              glyph="IMAGE_MOCK"
                              size={16}
                            />
                          }
                          fractions={2}
                          fullSymbol={
                            <Icon
                              glyph="IMAGE_MOCK"
                              size={16}
                            />
                          }
                          initialRating={4}
                          readonly={true}
                        />
                      </div>
                    </div>
                  </div>
                </div>
                <div
                  className="reviewCount__countSection column small-12 medium-shrink"
                >
                  <strong>
                    (
                    4
                    )   
                  </strong>
                  <a
                    className=""
                    href="/producers/tweed/reviews"
                    onClick={[Function]}
                  >
                    2
                     
                    business 
                    reviews
                  </a>
                </div>
              </div>
            </div>
          </div>
        </div>
      </div>
      <div
        className="row align-middle mb-sm"
      >
        <div
          className="columns small-12 medium-shrink"
        />
      </div>
      <div
        className="row align-middle mb-sm"
      >
        <div
          className="columns small-12 medium-shrink"
        />
      </div>
      <div
        className="row align-top mb-md"
      >
        <div
          className="column small-12 medium-shrink"
        >
          <div
            className="row mb-md"
          />
          <div
            className="row align-middle"
          >
            <div
              className="shrink column mb-sm"
            >
              <a
                className="businessInfo__actionLink"
                href="/producers/tweed/create-review"
                onClick={[Function]}
              >
                <button
                  className="button secondary small"
                >
                  <div
                    className="row align-middle align-center"
                  >
                    <div
                      className="shrink column"
                    >
                      REVIEW
                    </div>
                  </div>
                </button>
              </a>
            </div>
          </div>
        </div>
        <div
          className="column small-12 medium-expand"
        >
          <div
            className="row mb-md"
          >
            <div
              className="columns hide-for-small-only"
            />
            <div
              className="shrink column right"
            >
              <div
                onClick={[Function]}
                role="button"
              >
                <div
                  className="productAction"
                  role="button"
                >
                  <svg
                    className="productAction__icon"
                    height={11}
                    width={11}
                  >
                    <use
                      xlinkHref="#undefined"
                    />
                  </svg>
                  Follow
                   (
                  0
                  )
                </div>
              </div>
            </div>
            <div
              className="shrink column"
            >
              <div
                onClick={[Function]}
                role="button"
              >
                <div
                  className="productAction"
                  role="button"
                >
                  <svg
                    className="productAction__icon"
                    height={11}
                    width={11}
                  >
                    <use
                      xlinkHref="#undefined"
                    />
                  </svg>
                  Like
                   (
                  0
                  )
                </div>
              </div>
            </div>
          </div>
          <div
            className="row"
          >
            <div
              className="column businessInfo__socialLinks"
            />
          </div>
        </div>
      </div>
    </div>
    <div
      className="column small-12"
    />
  </div>
</div>
`;
