// Jest Snapshot v1, https://goo.gl/fbAQLP

exports[`<Experience /> should match snapshot 1`] = `
<section
  className="recommendationWizard__body"
>
  <div
    className="container"
  >
    <div
      className="row"
    >
      <h1
        className="recommendationWizard__title small-12 column"
      >
        I am
      </h1>
      <div
        className="small-12 column"
      >
        <div
          className="row"
        >
          <div
            className="small-12 large-10 large-offset-1 column"
          >
            <div
              className="row"
            >
              <div
                className="small-12 large-4 column"
              >
                <div
                  className="recommendationWizard__block"
                  data-name="new"
                  onClick={[Function]}
                >
                  <svg
                    className="recommendationWizard__icon"
                    height={35}
                    width={100}
                  >
                    <use
                      xlinkHref="#undefined"
                    />
                  </svg>
                  <p
                    className="recommendationWizard__label"
                  >
                    New to cannabis
                  </p>
                </div>
              </div>
              <div
                className="small-12 large-4 column"
              >
                <div
                  className="recommendationWizard__block"
                  data-name="familiar"
                  onClick={[Function]}
                >
                  <svg
                    className="recommendationWizard__icon"
                    height={35}
                    width={100}
                  >
                    <use
                      xlinkHref="#undefined"
                    />
                  </svg>
                  <p
                    className="recommendationWizard__label"
                  >
                    Familiar with cannabis
                  </p>
                </div>
              </div>
              <div
                className="small-12 large-4 column"
              >
                <div
                  className="recommendationWizard__block"
                  data-name="connoisseur"
                  onClick={[Function]}
                >
                  <svg
                    className="recommendationWizard__icon"
                    height={35}
                    width={100}
                  >
                    <use
                      xlinkHref="#undefined"
                    />
                  </svg>
                  <p
                    className="recommendationWizard__label"
                  >
                    A cannabis connoisseur
                  </p>
                </div>
              </div>
            </div>
          </div>
        </div>
      </div>
    </div>
  </div>
</section>
`;
