// Jest Snapshot v1, https://goo.gl/fbAQLP

exports[`<WantToTreat /> should match snapshot 1`] = `
<section
  className="recommendationWizard__treatContainer"
>
  <div
    className="container"
  >
    <div
      className="row"
    >
      <h1
        className="recommendationWizard__title small-12 column"
      >
        What do you want to treat?
      </h1>
      <div
        className="small-12 column"
      >
        <div
          className="row"
        >
          <div
            className="small-12 large-2 column large-offset-1"
          >
            <div
              className="recommendationWizard__block"
              data-name="pain"
              onClick={[Function]}
            >
              <svg
                className="recommendationWizard__icon"
                height={35}
                width={100}
              >
                <use
                  xlinkHref="#undefined"
                />
              </svg>
              <p
                className="recommendationWizard__label"
              >
                Pain
              </p>
            </div>
          </div>
          <div
            className="small-12 large-2 column"
          >
            <div
              className="recommendationWizard__block"
              data-name="anxiety"
              onClick={[Function]}
            >
              <svg
                className="recommendationWizard__icon"
                height={35}
                width={100}
              >
                <use
                  xlinkHref="#undefined"
                />
              </svg>
              <p
                className="recommendationWizard__label"
              >
                Anxiety
              </p>
            </div>
          </div>
          <div
            className="small-12 large-2 column"
          >
            <div
              className="recommendationWizard__block"
              data-name="insomnia"
              onClick={[Function]}
            >
              <svg
                className="recommendationWizard__icon"
                height={35}
                width={100}
              >
                <use
                  xlinkHref="#undefined"
                />
              </svg>
              <p
                className="recommendationWizard__label"
              >
                Insomnia
              </p>
            </div>
          </div>
          <div
            className="small-12 large-2 column"
          >
            <div
              className="recommendationWizard__block"
              data-name="depression"
              onClick={[Function]}
            >
              <svg
                className="recommendationWizard__icon"
                height={35}
                width={100}
              >
                <use
                  xlinkHref="#undefined"
                />
              </svg>
              <p
                className="recommendationWizard__label"
              >
                Depression
              </p>
            </div>
          </div>
          <div
            className="small-12 large-2 column"
          >
            <div
              className="recommendationWizard__block"
              data-name="appetite"
              onClick={[Function]}
            >
              <svg
                className="recommendationWizard__icon"
                height={35}
                width={100}
              >
                <use
                  xlinkHref="#undefined"
                />
              </svg>
              <p
                className="recommendationWizard__label"
              >
                Lack of appetite
              </p>
            </div>
          </div>
        </div>
      </div>
    </div>
  </div>
  <div
    className="recommendationWizard--center recommendationWizard__message"
  />
  <div
    className="recommendationWizard--center recommendationWizard__firstButton__wrapper"
  >
    <a
      className="button recommendationWizard__firstButton coral"
      onClick={[Function]}
    >
      <div
        className="row align-middle align-center"
      >
        <div
          className="shrink column"
        >
          Find Strains
          <img
            alt="next_icon"
            className="recommendationWizard__buttonIcon"
            src="IMAGE_MOCK"
          />
        </div>
      </div>
    </a>
  </div>
</section>
`;
