// Jest Snapshot v1, https://goo.gl/fbAQLP

exports[`<EffectPane /> should match snapshoot 1`] = `
<div>
  <div
    className="tabs"
  >
    <li
      className="tabs-title is-active"
      role="presentation"
    >
      <a
        aria-selected={true}
        href="#"
        id={null}
        onClick={[Function]}
        role="tab"
        title="Symptoms Helped"
      >
        Symptoms Helped
      </a>
    </li>
    <li
      className="tabs-title"
      role="presentation"
    >
      <a
        aria-selected={false}
        href="#"
        id={null}
        onClick={[Function]}
        role="tab"
        title="Positive Effects"
      >
        Positive Effects
      </a>
    </li>
    <li
      className="tabs-title"
      role="presentation"
    >
      <a
        aria-selected={false}
        href="#"
        id={null}
        onClick={[Function]}
        role="tab"
        title="Negative Effects"
      >
        Negative Effects
      </a>
    </li>
  </div>
  <div
    className="tabs-content"
  >
    <div
      aria-hidden={false}
      aria-labelledby={null}
      className="tabs-panel is-active"
      role="tabpanel"
      title="Symptoms Helped"
    >
      <table
        className="table"
      >
        <thead>
          <tr>
            <th>
              Symptom
            </th>
            <th>
              Score
            </th>
            <th>
              Top Product
            </th>
          </tr>
        </thead>
        <tbody>
          <tr>
            <td>
              anxiety
            </td>
            <td>
              <ProgressBar
                maxValue={10}
                showValue={true}
                value="5.0"
                valuePostfix="/10"
                width={11}
              />
            </td>
            <td>
              Low Tide
            </td>
          </tr>
          <tr>
            <td>
              back pain
            </td>
            <td>
              <ProgressBar
                maxValue={10}
                showValue={true}
                value="2.5"
                valuePostfix="/10"
                width={11}
              />
            </td>
            <td>
              Tsunami
            </td>
          </tr>
          <tr>
            <td>
              appetite
            </td>
            <td>
              <ProgressBar
                maxValue={10}
                showValue={true}
                value="2.0"
                valuePostfix="/10"
                width={11}
              />
            </td>
            <td>
              Low Tide
            </td>
          </tr>
        </tbody>
      </table>
    </div>
    <div
      aria-hidden={true}
      aria-labelledby={null}
      className="tabs-panel"
      role="tabpanel"
      title="Positive Effects"
    >
      <table
        className="table"
      >
        <thead>
          <tr>
            <th>
              Effect
            </th>
            <th>
              Score
            </th>
            <th>
              Top Product
            </th>
          </tr>
        </thead>
        <tbody>
          <tr>
            <td>
              anti-anxiety
            </td>
            <td>
              <ProgressBar
                maxValue={10}
                showValue={true}
                value="5.0"
                valuePostfix="/10"
                width={11}
              />
            </td>
            <td>
              Low Tide
            </td>
          </tr>
          <tr>
            <td>
              appetite
            </td>
            <td>
              <ProgressBar
                maxValue={10}
                showValue={true}
                value="5.0"
                valuePostfix="/10"
                width={11}
              />
            </td>
            <td>
              Tsunami
            </td>
          </tr>
          <tr>
            <td>
              sleepy
            </td>
            <td>
              <ProgressBar
                maxValue={10}
                showValue={true}
                value="1.0"
                valuePostfix="/10"
                width={11}
              />
            </td>
            <td>
              Ripple Effect
            </td>
          </tr>
        </tbody>
      </table>
    </div>
    <div
      aria-hidden={true}
      aria-labelledby={null}
      className="tabs-panel"
      role="tabpanel"
      title="Negative Effects"
    >
      <table
        className="table"
      >
        <thead>
          <tr>
            <th>
              Effect
            </th>
            <th>
              Score
            </th>
            <th>
              Top Product
            </th>
          </tr>
        </thead>
        <tbody>
          <tr>
            <td>
              harsh
            </td>
            <td>
              <ProgressBar
                maxValue={10}
                showValue={true}
                value="7.0"
                valuePostfix="/10"
                width={11}
              />
            </td>
            <td>
              Ripple Effect
            </td>
          </tr>
          <tr>
            <td>
              chest congestion
            </td>
            <td>
              <ProgressBar
                maxValue={10}
                showValue={true}
                value="7.0"
                valuePostfix="/10"
                width={11}
              />
            </td>
            <td>
              Ripple Effect
            </td>
          </tr>
          <tr>
            <td>
              coughing
            </td>
            <td>
              <ProgressBar
                maxValue={10}
                showValue={true}
                value="6.0"
                valuePostfix="/10"
                width={11}
              />
            </td>
            <td>
              Ripple Effect
            </td>
          </tr>
        </tbody>
      </table>
    </div>
  </div>
</div>
`;
